Archive member included to satisfy reference by file (symbol)

/usr/lib/gcc/arm-none-eabi/10.3.1/libgcc.a(_udivsi3.o)
                              build/stdio.o (__aeabi_uidiv)
/usr/lib/gcc/arm-none-eabi/10.3.1/libgcc.a(_dvmd_tls.o)
                              /usr/lib/gcc/arm-none-eabi/10.3.1/libgcc.a(_udivsi3.o) (__aeabi_idiv0)

Memory Configuration

Name             Origin             Length             Attributes
*default*        0x0000000000000000 0xffffffffffffffff

Linker script and memory map

LOAD build/Entry.os
LOAD build/Handler.o
LOAD build/main.o
LOAD build/Interrupt.o
LOAD build/Regs.o
LOAD build/Timer.o
LOAD build/Uart.o
LOAD build/armcpu.o
LOAD build/stdio.o
LOAD build/stdlib.o
LOAD build/Kernel.o
LOAD build/task.o
LOAD /usr/lib/gcc/arm-none-eabi/10.3.1/libgcc.a
                0x0000000000000000                . = 0x0

.text           0x0000000000000000     0x1704
 *(vector_start)
 *(.text .rodata)
 .text          0x0000000000000000       0xd4 build/Entry.os
                0x0000000000000000                vector_start
                0x000000000000003c                vector_end
 .text          0x00000000000000d4       0x24 build/Handler.o
                0x00000000000000d4                Irq_Handler
                0x00000000000000f0                Fiq_Handler
 .text          0x00000000000000f8      0x384 build/main.o
                0x00000000000000f8                main
                0x0000000000000338                User_task0
                0x00000000000003a4                User_task1
                0x0000000000000410                User_task2
 .rodata        0x000000000000047c      0x1d1 build/main.o
 *fill*         0x000000000000064d        0x3 
 .text          0x0000000000000650      0x2f8 build/Interrupt.o
                0x0000000000000650                Hal_interrupt_init
                0x00000000000006ec                Hal_interrupt_enable
                0x00000000000007b8                Hal_interrupt_disable
                0x000000000000088c                Hal_interrupt_register_handler
                0x00000000000008c4                Hal_interrupt_run_handler
 .text          0x0000000000000948        0x0 build/Regs.o
 .text          0x0000000000000948      0x210 build/Timer.o
                0x0000000000000948                Hal_timer_init
                0x0000000000000b34                Hal_timer_get_1ms_counter
 .text          0x0000000000000b58      0x1b4 build/Uart.o
                0x0000000000000b88                Hal_uart_init
                0x0000000000000c28                Hal_uart_put_char
                0x0000000000000c84                Hal_uart_get_char
 .text          0x0000000000000d0c       0xb0 build/armcpu.o
                0x0000000000000d0c                enable_irq
                0x0000000000000d38                enable_fiq
                0x0000000000000d64                disable_irq
                0x0000000000000d90                disable_fiq
 .text          0x0000000000000dbc      0x454 build/stdio.o
                0x0000000000000dbc                putstr
                0x0000000000000e1c                debug_printf
                0x0000000000000e6c                vsprintf
                0x00000000000010ec                utoa
 .rodata        0x0000000000001210        0x7 build/stdio.o
 *fill*         0x0000000000001217        0x1 
 .text          0x0000000000001218       0x4c build/stdlib.o
                0x0000000000001218                delay
 .text          0x0000000000001264       0x28 build/Kernel.o
                0x0000000000001264                Kernel_yield
                0x0000000000001278                Kernel_start
 .text          0x000000000000128c      0x360 build/task.o
                0x000000000000128c                Kernel_task_init
                0x00000000000013d8                Kernel_task_start
                0x0000000000001418                Kernel_task_create
                0x0000000000001544                Kernel_task_scheduler
                0x0000000000001598                Kernel_task_context_switching
 .text          0x00000000000015ec      0x114 /usr/lib/gcc/arm-none-eabi/10.3.1/libgcc.a(_udivsi3.o)
                0x00000000000015ec                __udivsi3
                0x00000000000015ec                __aeabi_uidiv
                0x00000000000016e0                __aeabi_uidivmod
 .text          0x0000000000001700        0x4 /usr/lib/gcc/arm-none-eabi/10.3.1/libgcc.a(_dvmd_tls.o)
                0x0000000000001700                __aeabi_ldiv0
                0x0000000000001700                __aeabi_idiv0

.glue_7         0x0000000000001704        0x0
 .glue_7        0x0000000000001704        0x0 linker stubs

.glue_7t        0x0000000000001704        0x0
 .glue_7t       0x0000000000001704        0x0 linker stubs

.vfp11_veneer   0x0000000000001704        0x0
 .vfp11_veneer  0x0000000000001704        0x0 linker stubs

.v4_bx          0x0000000000001704        0x0
 .v4_bx         0x0000000000001704        0x0 linker stubs

.iplt           0x0000000000001704        0x0
 .iplt          0x0000000000001704        0x0 build/Entry.os

.rel.dyn        0x0000000000001704        0x0
 .rel.iplt      0x0000000000001704        0x0 build/Entry.os

.data           0x0000000000001704       0x10
 *(.data)
 .data          0x0000000000001704        0x0 build/Entry.os
 .data          0x0000000000001704        0x0 build/Handler.o
 .data          0x0000000000001704        0x0 build/main.o
 .data          0x0000000000001704        0x0 build/Interrupt.o
 .data          0x0000000000001704       0x10 build/Regs.o
                0x0000000000001704                Uart
                0x0000000000001708                GicCpu
                0x000000000000170c                GicDist
                0x0000000000001710                Timer
 .data          0x0000000000001714        0x0 build/Timer.o
 .data          0x0000000000001714        0x0 build/Uart.o
 .data          0x0000000000001714        0x0 build/armcpu.o
 .data          0x0000000000001714        0x0 build/stdio.o
 .data          0x0000000000001714        0x0 build/stdlib.o
 .data          0x0000000000001714        0x0 build/Kernel.o
 .data          0x0000000000001714        0x0 build/task.o
 .data          0x0000000000001714        0x0 /usr/lib/gcc/arm-none-eabi/10.3.1/libgcc.a(_udivsi3.o)
 .data          0x0000000000001714        0x0 /usr/lib/gcc/arm-none-eabi/10.3.1/libgcc.a(_dvmd_tls.o)

.igot.plt       0x0000000000001714        0x0
 .igot.plt      0x0000000000001714        0x0 build/Entry.os

.bss            0x0000000000001714      0xb10
 *(.bss)
 .bss           0x0000000000001714        0x0 build/Entry.os
 .bss           0x0000000000001714        0x0 build/Handler.o
 .bss           0x0000000000001714        0x0 build/main.o
 .bss           0x0000000000001714      0x3fc build/Interrupt.o
 .bss           0x0000000000001b10        0x0 build/Regs.o
 .bss           0x0000000000001b10        0x4 build/Timer.o
 .bss           0x0000000000001b14        0x0 build/Uart.o
 .bss           0x0000000000001b14        0x0 build/armcpu.o
 .bss           0x0000000000001b14      0x400 build/stdio.o
 .bss           0x0000000000001f14        0x0 build/stdlib.o
 .bss           0x0000000000001f14        0x0 build/Kernel.o
 .bss           0x0000000000001f14      0x310 build/task.o
 .bss           0x0000000000002224        0x0 /usr/lib/gcc/arm-none-eabi/10.3.1/libgcc.a(_udivsi3.o)
 .bss           0x0000000000002224        0x0 /usr/lib/gcc/arm-none-eabi/10.3.1/libgcc.a(_dvmd_tls.o)
OUTPUT(build/navilos.axf elf32-littlearm)
LOAD linker stubs

.ARM.attributes
                0x0000000000000000       0x2b
 .ARM.attributes
                0x0000000000000000       0x1d build/Entry.os
 .ARM.attributes
                0x000000000000001d       0x2f build/Handler.o
 .ARM.attributes
                0x000000000000004c       0x2f build/main.o
 .ARM.attributes
                0x000000000000007b       0x2f build/Interrupt.o
 .ARM.attributes
                0x00000000000000aa       0x2f build/Regs.o
 .ARM.attributes
                0x00000000000000d9       0x2f build/Timer.o
 .ARM.attributes
                0x0000000000000108       0x2f build/Uart.o
 .ARM.attributes
                0x0000000000000137       0x2f build/armcpu.o
 .ARM.attributes
                0x0000000000000166       0x2f build/stdio.o
 .ARM.attributes
                0x0000000000000195       0x2f build/stdlib.o
 .ARM.attributes
                0x00000000000001c4       0x2f build/Kernel.o
 .ARM.attributes
                0x00000000000001f3       0x2f build/task.o
 .ARM.attributes
                0x0000000000000222       0x1c /usr/lib/gcc/arm-none-eabi/10.3.1/libgcc.a(_udivsi3.o)
 .ARM.attributes
                0x000000000000023e       0x1c /usr/lib/gcc/arm-none-eabi/10.3.1/libgcc.a(_dvmd_tls.o)

.comment        0x0000000000000000       0x33
 .comment       0x0000000000000000       0x33 build/Handler.o
                                         0x34 (size before relaxing)
 .comment       0x0000000000000033       0x34 build/main.o
 .comment       0x0000000000000033       0x34 build/Interrupt.o
 .comment       0x0000000000000033       0x34 build/Regs.o
 .comment       0x0000000000000033       0x34 build/Timer.o
 .comment       0x0000000000000033       0x34 build/Uart.o
 .comment       0x0000000000000033       0x34 build/armcpu.o
 .comment       0x0000000000000033       0x34 build/stdio.o
 .comment       0x0000000000000033       0x34 build/stdlib.o
 .comment       0x0000000000000033       0x34 build/Kernel.o
 .comment       0x0000000000000033       0x34 build/task.o

.debug_line     0x0000000000000000      0xa10
 .debug_line    0x0000000000000000       0x6d build/Entry.os
 .debug_line    0x000000000000006d       0x4c build/Handler.o
 .debug_line    0x00000000000000b9      0x13b build/main.o
 .debug_line    0x00000000000001f4      0x126 build/Interrupt.o
 .debug_line    0x000000000000031a       0x68 build/Regs.o
 .debug_line    0x0000000000000382       0xe0 build/Timer.o
 .debug_line    0x0000000000000462       0xeb build/Uart.o
 .debug_line    0x000000000000054d       0x6d build/armcpu.o
 .debug_line    0x00000000000005ba      0x181 build/stdio.o
 .debug_line    0x000000000000073b       0x6a build/stdlib.o
 .debug_line    0x00000000000007a5       0x4e build/Kernel.o
 .debug_line    0x00000000000007f3      0x152 build/task.o
 .debug_line    0x0000000000000945       0x74 /usr/lib/gcc/arm-none-eabi/10.3.1/libgcc.a(_udivsi3.o)
 .debug_line    0x00000000000009b9       0x57 /usr/lib/gcc/arm-none-eabi/10.3.1/libgcc.a(_dvmd_tls.o)

.debug_info     0x0000000000000000     0x316d
 .debug_info    0x0000000000000000       0x26 build/Entry.os
 .debug_info    0x0000000000000026       0x82 build/Handler.o
 .debug_info    0x00000000000000a8      0x1f3 build/main.o
 .debug_info    0x000000000000029b      0x691 build/Interrupt.o
 .debug_info    0x000000000000092c     0x124d build/Regs.o
 .debug_info    0x0000000000001b79      0x2c6 build/Timer.o
 .debug_info    0x0000000000001e3f      0xbc8 build/Uart.o
 .debug_info    0x0000000000002a07       0x6e build/armcpu.o
 .debug_info    0x0000000000002a75      0x2bc build/stdio.o
 .debug_info    0x0000000000002d31       0x9a build/stdlib.o
 .debug_info    0x0000000000002dcb       0xa4 build/Kernel.o
 .debug_info    0x0000000000002e6f      0x2b2 build/task.o
 .debug_info    0x0000000000003121       0x26 /usr/lib/gcc/arm-none-eabi/10.3.1/libgcc.a(_udivsi3.o)
 .debug_info    0x0000000000003147       0x26 /usr/lib/gcc/arm-none-eabi/10.3.1/libgcc.a(_dvmd_tls.o)

.debug_abbrev   0x0000000000000000      0xada
 .debug_abbrev  0x0000000000000000       0x14 build/Entry.os
 .debug_abbrev  0x0000000000000014       0x5e build/Handler.o
 .debug_abbrev  0x0000000000000072       0xd5 build/main.o
 .debug_abbrev  0x0000000000000147      0x19c build/Interrupt.o
 .debug_abbrev  0x00000000000002e3      0x11a build/Regs.o
 .debug_abbrev  0x00000000000003fd      0x132 build/Timer.o
 .debug_abbrev  0x000000000000052f      0x19b build/Uart.o
 .debug_abbrev  0x00000000000006ca       0x2e build/armcpu.o
 .debug_abbrev  0x00000000000006f8      0x131 build/stdio.o
 .debug_abbrev  0x0000000000000829       0x75 build/stdlib.o
 .debug_abbrev  0x000000000000089e       0x78 build/Kernel.o
 .debug_abbrev  0x0000000000000916      0x19c build/task.o
 .debug_abbrev  0x0000000000000ab2       0x14 /usr/lib/gcc/arm-none-eabi/10.3.1/libgcc.a(_udivsi3.o)
 .debug_abbrev  0x0000000000000ac6       0x14 /usr/lib/gcc/arm-none-eabi/10.3.1/libgcc.a(_dvmd_tls.o)

.debug_aranges  0x0000000000000000      0x1b8
 .debug_aranges
                0x0000000000000000       0x20 build/Entry.os
 .debug_aranges
                0x0000000000000020       0x20 build/Handler.o
 .debug_aranges
                0x0000000000000040       0x20 build/main.o
 .debug_aranges
                0x0000000000000060       0x20 build/Interrupt.o
 .debug_aranges
                0x0000000000000080       0x18 build/Regs.o
 .debug_aranges
                0x0000000000000098       0x20 build/Timer.o
 .debug_aranges
                0x00000000000000b8       0x20 build/Uart.o
 .debug_aranges
                0x00000000000000d8       0x20 build/armcpu.o
 .debug_aranges
                0x00000000000000f8       0x20 build/stdio.o
 .debug_aranges
                0x0000000000000118       0x20 build/stdlib.o
 .debug_aranges
                0x0000000000000138       0x20 build/Kernel.o
 .debug_aranges
                0x0000000000000158       0x20 build/task.o
 .debug_aranges
                0x0000000000000178       0x20 /usr/lib/gcc/arm-none-eabi/10.3.1/libgcc.a(_udivsi3.o)
 .debug_aranges
                0x0000000000000198       0x20 /usr/lib/gcc/arm-none-eabi/10.3.1/libgcc.a(_dvmd_tls.o)

.debug_str      0x0000000000000000      0xbb4
 .debug_str     0x0000000000000000       0x3e build/Entry.os
 .debug_str     0x000000000000003e       0xdb build/Handler.o
                                        0x119 (size before relaxing)
 .debug_str     0x0000000000000119       0x8f build/main.o
                                        0x186 (size before relaxing)
 .debug_str     0x00000000000001a8      0x2b3 build/Interrupt.o
                                        0x3bd (size before relaxing)
 .debug_str     0x000000000000045b      0x3b4 build/Regs.o
                                        0x6ae (size before relaxing)
 .debug_str     0x000000000000080f       0x6e build/Timer.o
                                        0x25f (size before relaxing)
 .debug_str     0x000000000000087d       0x4f build/Uart.o
                                        0x44e (size before relaxing)
 .debug_str     0x00000000000008cc       0x3b build/armcpu.o
                                         0xc4 (size before relaxing)
 .debug_str     0x0000000000000907       0x7c build/stdio.o
                                        0x191 (size before relaxing)
 .debug_str     0x0000000000000983       0x18 build/stdlib.o
                                        0x113 (size before relaxing)
 .debug_str     0x000000000000099b       0x52 build/Kernel.o
                                        0x144 (size before relaxing)
 .debug_str     0x00000000000009ed      0x13a build/task.o
                                        0x265 (size before relaxing)
 .debug_str     0x0000000000000b27       0x8d /usr/lib/gcc/arm-none-eabi/10.3.1/libgcc.a(_udivsi3.o)
 .debug_str     0x0000000000000bb4       0x8d /usr/lib/gcc/arm-none-eabi/10.3.1/libgcc.a(_dvmd_tls.o)

.debug_frame    0x0000000000000000      0x5ac
 .debug_frame   0x0000000000000000       0x50 build/Handler.o
 .debug_frame   0x0000000000000050      0x108 build/main.o
 .debug_frame   0x0000000000000158       0xb0 build/Interrupt.o
 .debug_frame   0x0000000000000208       0x70 build/Timer.o
 .debug_frame   0x0000000000000278       0x8c build/Uart.o
 .debug_frame   0x0000000000000304       0x90 build/armcpu.o
 .debug_frame   0x0000000000000394       0xac build/stdio.o
 .debug_frame   0x0000000000000440       0x30 build/stdlib.o
 .debug_frame   0x0000000000000470       0x48 build/Kernel.o
 .debug_frame   0x00000000000004b8       0xd4 build/task.o
 .debug_frame   0x000000000000058c       0x20 /usr/lib/gcc/arm-none-eabi/10.3.1/libgcc.a(_udivsi3.o)
