Archive member included to satisfy reference by file (symbol)

/usr/lib/gcc/arm-none-eabi/10.3.1/libgcc.a(_udivsi3.o)
                              build/stdio.o (__aeabi_uidiv)
/usr/lib/gcc/arm-none-eabi/10.3.1/libgcc.a(_dvmd_tls.o)
                              /usr/lib/gcc/arm-none-eabi/10.3.1/libgcc.a(_udivsi3.o) (__aeabi_idiv0)

Memory Configuration

Name             Origin             Length             Attributes
*default*        0x0000000000000000 0xffffffffffffffff

Linker script and memory map

LOAD build/Entry.os
LOAD build/Handler.o
LOAD build/main.o
LOAD build/Interrupt.o
LOAD build/Regs.o
LOAD build/Timer.o
LOAD build/Uart.o
LOAD build/armcpu.o
LOAD build/stdio.o
LOAD build/stdlib.o
LOAD build/event.o
LOAD build/Kernel.o
LOAD build/task.o
LOAD /usr/lib/gcc/arm-none-eabi/10.3.1/libgcc.a
                0x0000000000000000                . = 0x0

.text           0x0000000000000000     0x1a08
 *(vector_start)
 *(.text .rodata)
 .text          0x0000000000000000       0xd4 build/Entry.os
                0x0000000000000000                vector_start
                0x000000000000003c                vector_end
 .text          0x00000000000000d4       0x24 build/Handler.o
                0x00000000000000d4                Irq_Handler
                0x00000000000000f0                Fiq_Handler
 .text          0x00000000000000f8      0x400 build/main.o
                0x00000000000000f8                main
                0x000000000000033c                User_task0
                0x00000000000003f8                User_task1
                0x000000000000048c                User_task2
 .rodata        0x00000000000004f8      0x221 build/main.o
 *fill*         0x0000000000000719        0x3 
 .text          0x000000000000071c      0x2f8 build/Interrupt.o
                0x000000000000071c                Hal_interrupt_init
                0x00000000000007b8                Hal_interrupt_enable
                0x0000000000000884                Hal_interrupt_disable
                0x0000000000000958                Hal_interrupt_register_handler
                0x0000000000000990                Hal_interrupt_run_handler
 .text          0x0000000000000a14        0x0 build/Regs.o
 .text          0x0000000000000a14      0x210 build/Timer.o
                0x0000000000000a14                Hal_timer_init
                0x0000000000000c00                Hal_timer_get_1ms_counter
 .text          0x0000000000000c24      0x1d0 build/Uart.o
                0x0000000000000c70                Hal_uart_init
                0x0000000000000d10                Hal_uart_put_char
                0x0000000000000d6c                Hal_uart_get_char
 .text          0x0000000000000df4       0xb0 build/armcpu.o
                0x0000000000000df4                enable_irq
                0x0000000000000e20                enable_fiq
                0x0000000000000e4c                disable_irq
                0x0000000000000e78                disable_fiq
 .text          0x0000000000000ea4      0x454 build/stdio.o
                0x0000000000000ea4                putstr
                0x0000000000000f04                debug_printf
                0x0000000000000f54                vsprintf
                0x00000000000011d4                utoa
 .rodata        0x00000000000012f8        0x7 build/stdio.o
 *fill*         0x00000000000012ff        0x1 
 .text          0x0000000000001300       0x4c build/stdlib.o
                0x0000000000001300                delay
 .text          0x000000000000134c      0x21c build/event.o
                0x000000000000134c                Kernel_event_flag_init
                0x0000000000001374                Kernel_event_flag_set
                0x00000000000013b4                Kernel_event_flag_clear
                0x00000000000013f8                Kernel_event_flag_check
                0x0000000000001444                Kernel_send_events
                0x00000000000014cc                Kernel_wait_events
 .text          0x0000000000001568       0x28 build/Kernel.o
                0x0000000000001568                Kernel_yield
                0x000000000000157c                Kernel_start
 .text          0x0000000000001590      0x360 build/task.o
                0x0000000000001590                Kernel_task_init
                0x00000000000016dc                Kernel_task_start
                0x000000000000171c                Kernel_task_create
                0x0000000000001848                Kernel_task_scheduler
                0x000000000000189c                Kernel_task_context_switching
 .text          0x00000000000018f0      0x114 /usr/lib/gcc/arm-none-eabi/10.3.1/libgcc.a(_udivsi3.o)
                0x00000000000018f0                __udivsi3
                0x00000000000018f0                __aeabi_uidiv
                0x00000000000019e4                __aeabi_uidivmod
 .text          0x0000000000001a04        0x4 /usr/lib/gcc/arm-none-eabi/10.3.1/libgcc.a(_dvmd_tls.o)
                0x0000000000001a04                __aeabi_ldiv0
                0x0000000000001a04                __aeabi_idiv0

.glue_7         0x0000000000001a08        0x0
 .glue_7        0x0000000000001a08        0x0 linker stubs

.glue_7t        0x0000000000001a08        0x0
 .glue_7t       0x0000000000001a08        0x0 linker stubs

.vfp11_veneer   0x0000000000001a08        0x0
 .vfp11_veneer  0x0000000000001a08        0x0 linker stubs

.v4_bx          0x0000000000001a08        0x0
 .v4_bx         0x0000000000001a08        0x0 linker stubs

.iplt           0x0000000000001a08        0x0
 .iplt          0x0000000000001a08        0x0 build/Entry.os

.rel.dyn        0x0000000000001a08        0x0
 .rel.iplt      0x0000000000001a08        0x0 build/Entry.os

.data           0x0000000000001a08       0x10
 *(.data)
 .data          0x0000000000001a08        0x0 build/Entry.os
 .data          0x0000000000001a08        0x0 build/Handler.o
 .data          0x0000000000001a08        0x0 build/main.o
 .data          0x0000000000001a08        0x0 build/Interrupt.o
 .data          0x0000000000001a08       0x10 build/Regs.o
                0x0000000000001a08                Uart
                0x0000000000001a0c                GicCpu
                0x0000000000001a10                GicDist
                0x0000000000001a14                Timer
 .data          0x0000000000001a18        0x0 build/Timer.o
 .data          0x0000000000001a18        0x0 build/Uart.o
 .data          0x0000000000001a18        0x0 build/armcpu.o
 .data          0x0000000000001a18        0x0 build/stdio.o
 .data          0x0000000000001a18        0x0 build/stdlib.o
 .data          0x0000000000001a18        0x0 build/event.o
 .data          0x0000000000001a18        0x0 build/Kernel.o
 .data          0x0000000000001a18        0x0 build/task.o
 .data          0x0000000000001a18        0x0 /usr/lib/gcc/arm-none-eabi/10.3.1/libgcc.a(_udivsi3.o)
 .data          0x0000000000001a18        0x0 /usr/lib/gcc/arm-none-eabi/10.3.1/libgcc.a(_dvmd_tls.o)

.igot.plt       0x0000000000001a18        0x0
 .igot.plt      0x0000000000001a18        0x0 build/Entry.os

.bss            0x0000000000001a18      0xb14
 *(.bss)
 .bss           0x0000000000001a18        0x0 build/Entry.os
 .bss           0x0000000000001a18        0x0 build/Handler.o
 .bss           0x0000000000001a18        0x0 build/main.o
 .bss           0x0000000000001a18      0x3fc build/Interrupt.o
 .bss           0x0000000000001e14        0x0 build/Regs.o
 .bss           0x0000000000001e14        0x4 build/Timer.o
 .bss           0x0000000000001e18        0x0 build/Uart.o
 .bss           0x0000000000001e18        0x0 build/armcpu.o
 .bss           0x0000000000001e18      0x400 build/stdio.o
 .bss           0x0000000000002218        0x0 build/stdlib.o
 .bss           0x0000000000002218        0x4 build/event.o
 .bss           0x000000000000221c        0x0 build/Kernel.o
 .bss           0x000000000000221c      0x310 build/task.o
 .bss           0x000000000000252c        0x0 /usr/lib/gcc/arm-none-eabi/10.3.1/libgcc.a(_udivsi3.o)
 .bss           0x000000000000252c        0x0 /usr/lib/gcc/arm-none-eabi/10.3.1/libgcc.a(_dvmd_tls.o)
OUTPUT(build/navilos.axf elf32-littlearm)
LOAD linker stubs

.ARM.attributes
                0x0000000000000000       0x2b
 .ARM.attributes
                0x0000000000000000       0x1d build/Entry.os
 .ARM.attributes
                0x000000000000001d       0x2f build/Handler.o
 .ARM.attributes
                0x000000000000004c       0x2f build/main.o
 .ARM.attributes
                0x000000000000007b       0x2f build/Interrupt.o
 .ARM.attributes
                0x00000000000000aa       0x2f build/Regs.o
 .ARM.attributes
                0x00000000000000d9       0x2f build/Timer.o
 .ARM.attributes
                0x0000000000000108       0x2f build/Uart.o
 .ARM.attributes
                0x0000000000000137       0x2f build/armcpu.o
 .ARM.attributes
                0x0000000000000166       0x2f build/stdio.o
 .ARM.attributes
                0x0000000000000195       0x2f build/stdlib.o
 .ARM.attributes
                0x00000000000001c4       0x2f build/event.o
 .ARM.attributes
                0x00000000000001f3       0x2f build/Kernel.o
 .ARM.attributes
                0x0000000000000222       0x2f build/task.o
 .ARM.attributes
                0x0000000000000251       0x1c /usr/lib/gcc/arm-none-eabi/10.3.1/libgcc.a(_udivsi3.o)
 .ARM.attributes
                0x000000000000026d       0x1c /usr/lib/gcc/arm-none-eabi/10.3.1/libgcc.a(_dvmd_tls.o)

.comment        0x0000000000000000       0x33
 .comment       0x0000000000000000       0x33 build/Handler.o
                                         0x34 (size before relaxing)
 .comment       0x0000000000000033       0x34 build/main.o
 .comment       0x0000000000000033       0x34 build/Interrupt.o
 .comment       0x0000000000000033       0x34 build/Regs.o
 .comment       0x0000000000000033       0x34 build/Timer.o
 .comment       0x0000000000000033       0x34 build/Uart.o
 .comment       0x0000000000000033       0x34 build/armcpu.o
 .comment       0x0000000000000033       0x34 build/stdio.o
 .comment       0x0000000000000033       0x34 build/stdlib.o
 .comment       0x0000000000000033       0x34 build/event.o
 .comment       0x0000000000000033       0x34 build/Kernel.o
 .comment       0x0000000000000033       0x34 build/task.o

.debug_line     0x0000000000000000      0xb49
 .debug_line    0x0000000000000000       0x6d build/Entry.os
 .debug_line    0x000000000000006d       0x4c build/Handler.o
 .debug_line    0x00000000000000b9      0x169 build/main.o
 .debug_line    0x0000000000000222      0x126 build/Interrupt.o
 .debug_line    0x0000000000000348       0x68 build/Regs.o
 .debug_line    0x00000000000003b0       0xe0 build/Timer.o
 .debug_line    0x0000000000000490      0x104 build/Uart.o
 .debug_line    0x0000000000000594       0x6d build/armcpu.o
 .debug_line    0x0000000000000601      0x181 build/stdio.o
 .debug_line    0x0000000000000782       0x6a build/stdlib.o
 .debug_line    0x00000000000007ec       0xf2 build/event.o
 .debug_line    0x00000000000008de       0x4e build/Kernel.o
 .debug_line    0x000000000000092c      0x152 build/task.o
 .debug_line    0x0000000000000a7e       0x74 /usr/lib/gcc/arm-none-eabi/10.3.1/libgcc.a(_udivsi3.o)
 .debug_line    0x0000000000000af2       0x57 /usr/lib/gcc/arm-none-eabi/10.3.1/libgcc.a(_dvmd_tls.o)

.debug_info     0x0000000000000000     0x36b3
 .debug_info    0x0000000000000000       0x26 build/Entry.os
 .debug_info    0x0000000000000026       0x82 build/Handler.o
 .debug_info    0x00000000000000a8      0x350 build/main.o
 .debug_info    0x00000000000003f8      0x691 build/Interrupt.o
 .debug_info    0x0000000000000a89     0x124d build/Regs.o
 .debug_info    0x0000000000001cd6      0x2c6 build/Timer.o
 .debug_info    0x0000000000001f9c      0xcd9 build/Uart.o
 .debug_info    0x0000000000002c75       0x6e build/armcpu.o
 .debug_info    0x0000000000002ce3      0x2bc build/stdio.o
 .debug_info    0x0000000000002f9f       0x9a build/stdlib.o
 .debug_info    0x0000000000003039      0x2d8 build/event.o
 .debug_info    0x0000000000003311       0xa4 build/Kernel.o
 .debug_info    0x00000000000033b5      0x2b2 build/task.o
 .debug_info    0x0000000000003667       0x26 /usr/lib/gcc/arm-none-eabi/10.3.1/libgcc.a(_udivsi3.o)
 .debug_info    0x000000000000368d       0x26 /usr/lib/gcc/arm-none-eabi/10.3.1/libgcc.a(_dvmd_tls.o)

.debug_abbrev   0x0000000000000000      0xc67
 .debug_abbrev  0x0000000000000000       0x14 build/Entry.os
 .debug_abbrev  0x0000000000000014       0x5e build/Handler.o
 .debug_abbrev  0x0000000000000072      0x11d build/main.o
 .debug_abbrev  0x000000000000018f      0x19c build/Interrupt.o
 .debug_abbrev  0x000000000000032b      0x11a build/Regs.o
 .debug_abbrev  0x0000000000000445      0x132 build/Timer.o
 .debug_abbrev  0x0000000000000577      0x1cb build/Uart.o
 .debug_abbrev  0x0000000000000742       0x2e build/armcpu.o
 .debug_abbrev  0x0000000000000770      0x131 build/stdio.o
 .debug_abbrev  0x00000000000008a1       0x75 build/stdlib.o
 .debug_abbrev  0x0000000000000916      0x115 build/event.o
 .debug_abbrev  0x0000000000000a2b       0x78 build/Kernel.o
 .debug_abbrev  0x0000000000000aa3      0x19c build/task.o
 .debug_abbrev  0x0000000000000c3f       0x14 /usr/lib/gcc/arm-none-eabi/10.3.1/libgcc.a(_udivsi3.o)
 .debug_abbrev  0x0000000000000c53       0x14 /usr/lib/gcc/arm-none-eabi/10.3.1/libgcc.a(_dvmd_tls.o)

.debug_aranges  0x0000000000000000      0x1d8
 .debug_aranges
                0x0000000000000000       0x20 build/Entry.os
 .debug_aranges
                0x0000000000000020       0x20 build/Handler.o
 .debug_aranges
                0x0000000000000040       0x20 build/main.o
 .debug_aranges
                0x0000000000000060       0x20 build/Interrupt.o
 .debug_aranges
                0x0000000000000080       0x18 build/Regs.o
 .debug_aranges
                0x0000000000000098       0x20 build/Timer.o
 .debug_aranges
                0x00000000000000b8       0x20 build/Uart.o
 .debug_aranges
                0x00000000000000d8       0x20 build/armcpu.o
 .debug_aranges
                0x00000000000000f8       0x20 build/stdio.o
 .debug_aranges
                0x0000000000000118       0x20 build/stdlib.o
 .debug_aranges
                0x0000000000000138       0x20 build/event.o
 .debug_aranges
                0x0000000000000158       0x20 build/Kernel.o
 .debug_aranges
                0x0000000000000178       0x20 build/task.o
 .debug_aranges
                0x0000000000000198       0x20 /usr/lib/gcc/arm-none-eabi/10.3.1/libgcc.a(_udivsi3.o)
 .debug_aranges
                0x00000000000001b8       0x20 /usr/lib/gcc/arm-none-eabi/10.3.1/libgcc.a(_dvmd_tls.o)

.debug_str      0x0000000000000000     0x1013
 .debug_str     0x0000000000000000       0x3e build/Entry.os
 .debug_str     0x000000000000003e       0xdb build/Handler.o
                                        0x119 (size before relaxing)
 .debug_str     0x0000000000000119      0x42e build/main.o
                                        0x525 (size before relaxing)
 .debug_str     0x0000000000000547      0x2b3 build/Interrupt.o
                                        0x3bd (size before relaxing)
 .debug_str     0x00000000000007fa      0x3b4 build/Regs.o
                                        0x6ae (size before relaxing)
 .debug_str     0x0000000000000bae       0x6e build/Timer.o
                                        0x25f (size before relaxing)
 .debug_str     0x0000000000000c1c       0x4f build/Uart.o
                                        0x7c9 (size before relaxing)
 .debug_str     0x0000000000000c6b       0x3b build/armcpu.o
                                         0xc4 (size before relaxing)
 .debug_str     0x0000000000000ca6       0x7c build/stdio.o
                                        0x191 (size before relaxing)
 .debug_str     0x0000000000000d22       0x18 build/stdlib.o
                                        0x113 (size before relaxing)
 .debug_str     0x0000000000000d3a       0xc0 build/event.o
                                        0x553 (size before relaxing)
 .debug_str     0x0000000000000dfa       0x52 build/Kernel.o
                                        0x144 (size before relaxing)
 .debug_str     0x0000000000000e4c      0x13a build/task.o
                                        0x265 (size before relaxing)
 .debug_str     0x0000000000000f86       0x8d /usr/lib/gcc/arm-none-eabi/10.3.1/libgcc.a(_udivsi3.o)
 .debug_str     0x0000000000001013       0x8d /usr/lib/gcc/arm-none-eabi/10.3.1/libgcc.a(_dvmd_tls.o)

.debug_frame    0x0000000000000000      0x67c
 .debug_frame   0x0000000000000000       0x50 build/Handler.o
 .debug_frame   0x0000000000000050      0x108 build/main.o
 .debug_frame   0x0000000000000158       0xb0 build/Interrupt.o
 .debug_frame   0x0000000000000208       0x70 build/Timer.o
 .debug_frame   0x0000000000000278       0x8c build/Uart.o
 .debug_frame   0x0000000000000304       0x90 build/armcpu.o
 .debug_frame   0x0000000000000394       0xac build/stdio.o
 .debug_frame   0x0000000000000440       0x30 build/stdlib.o
 .debug_frame   0x0000000000000470       0xd0 build/event.o
 .debug_frame   0x0000000000000540       0x48 build/Kernel.o
 .debug_frame   0x0000000000000588       0xd4 build/task.o
 .debug_frame   0x000000000000065c       0x20 /usr/lib/gcc/arm-none-eabi/10.3.1/libgcc.a(_udivsi3.o)
