Archive member included to satisfy reference by file (symbol)

/usr/lib/gcc/arm-none-eabi/10.3.1/libgcc.a(_udivsi3.o)
                              build/stdio.o (__aeabi_uidiv)
/usr/lib/gcc/arm-none-eabi/10.3.1/libgcc.a(_dvmd_tls.o)
                              /usr/lib/gcc/arm-none-eabi/10.3.1/libgcc.a(_udivsi3.o) (__aeabi_idiv0)

Memory Configuration

Name             Origin             Length             Attributes
*default*        0x0000000000000000 0xffffffffffffffff

Linker script and memory map

LOAD build/Entry.os
LOAD build/Handler.o
LOAD build/main.o
LOAD build/Interrupt.o
LOAD build/Regs.o
LOAD build/Timer.o
LOAD build/Uart.o
LOAD build/armcpu.o
LOAD build/stdio.o
LOAD build/stdlib.o
LOAD build/event.o
LOAD build/Kernel.o
LOAD build/msg.o
LOAD build/synch.o
LOAD build/task.o
LOAD /usr/lib/gcc/arm-none-eabi/10.3.1/libgcc.a
                0x0000000000000000                . = 0x0

.text           0x0000000000000000     0x27a4
 *(vector_start)
 *(.text .rodata)
 .text          0x0000000000000000       0xd4 build/Entry.os
                0x0000000000000000                vector_start
                0x000000000000003c                vector_end
 .text          0x00000000000000d4       0x24 build/Handler.o
                0x00000000000000d4                Irq_Handler
                0x00000000000000f0                Fiq_Handler
 .text          0x00000000000000f8      0x5d4 build/main.o
                0x00000000000000f8                main
                0x00000000000003c4                User_task0
                0x000000000000051c                User_task1
                0x0000000000000648                User_task2
 .rodata        0x00000000000006cc      0x231 build/main.o
 *fill*         0x00000000000008fd        0x3 
 .text          0x0000000000000900      0x2f8 build/Interrupt.o
                0x0000000000000900                Hal_interrupt_init
                0x000000000000099c                Hal_interrupt_enable
                0x0000000000000a68                Hal_interrupt_disable
                0x0000000000000b3c                Hal_interrupt_register_handler
                0x0000000000000b74                Hal_interrupt_run_handler
 .text          0x0000000000000bf8        0x0 build/Regs.o
 .text          0x0000000000000bf8      0x424 build/Timer.o
                0x0000000000000bf8                Hal_timer_init
                0x0000000000000de4                Hal_timer_get_1ms_counter
                0x0000000000000e08                Hal_timer2_init
                0x0000000000000f60                Proc_Timer2_on
 .text          0x000000000000101c      0x1fc build/Uart.o
                0x0000000000001094                Hal_uart_init
                0x0000000000001134                Hal_uart_put_char
                0x0000000000001190                Hal_uart_get_char
 .text          0x0000000000001218       0xb0 build/armcpu.o
                0x0000000000001218                enable_irq
                0x0000000000001244                enable_fiq
                0x0000000000001270                disable_irq
                0x000000000000129c                disable_fiq
 .text          0x00000000000012c8      0x454 build/stdio.o
                0x00000000000012c8                putstr
                0x0000000000001328                debug_printf
                0x0000000000001378                vsprintf
                0x00000000000015f8                utoa
 .rodata        0x000000000000171c        0x7 build/stdio.o
 *fill*         0x0000000000001723        0x1 
 .text          0x0000000000001724       0xa8 build/stdlib.o
                0x0000000000001724                delay
                0x0000000000001770                memclr
 .text          0x00000000000017cc      0x21c build/event.o
                0x00000000000017cc                Kernel_event_flag_init
                0x00000000000017f4                Kernel_event_flag_set
                0x0000000000001834                Kernel_event_flag_clear
                0x0000000000001878                Kernel_event_flag_check
                0x00000000000018c4                Kernel_send_events
                0x000000000000194c                Kernel_wait_events
 .text          0x00000000000019e8      0x250 build/Kernel.o
                0x00000000000019e8                Kernel_yield
                0x00000000000019fc                Kernel_start
                0x0000000000001a10                Kernel_send_msg
                0x0000000000001ad4                Kernel_recv_msg
                0x0000000000001b68                Kernel_lock_sem
                0x0000000000001b9c                Kernel_unlock_sem
                0x0000000000001bb0                Kernel_lock_mutex
                0x0000000000001bf8                Kernel_unlock_mutex
 .text          0x0000000000001c38      0x4ac build/msg.o
                0x0000000000001c38                Kernel_msgQ_init
                0x0000000000001ce4                Kernel_msgQ_is_empty
                0x0000000000001d6c                Kernel_msgQ_is_full
                0x0000000000001dfc                Kernel_msgQ_enqueue
                0x0000000000001f34                Kernel_msgQ_dequeue
                0x0000000000002080                Kernel_msgQ_count
 .text          0x00000000000020e4      0x224 build/synch.o
                0x00000000000020e4                Kernel_sem_init
                0x000000000000215c                Kernel_sem_test
                0x00000000000021b0                Kernel_sem_release
                0x000000000000221c                Kernel_mutex_init
                0x0000000000002254                Kernel_mutex_lock
                0x00000000000022b4                Kernel_mutex_unlock
 .text          0x0000000000002308      0x384 build/task.o
                0x0000000000002308                Kernel_task_init
                0x0000000000002454                Kernel_task_start
                0x0000000000002494                Kernel_task_create
                0x00000000000025c0                Kernel_task_scheduler
                0x0000000000002614                Kernel_task_get_current_task_id
                0x0000000000002638                Kernel_task_context_switching
 .text          0x000000000000268c      0x114 /usr/lib/gcc/arm-none-eabi/10.3.1/libgcc.a(_udivsi3.o)
                0x000000000000268c                __udivsi3
                0x000000000000268c                __aeabi_uidiv
                0x0000000000002780                __aeabi_uidivmod
 .text          0x00000000000027a0        0x4 /usr/lib/gcc/arm-none-eabi/10.3.1/libgcc.a(_dvmd_tls.o)
                0x00000000000027a0                __aeabi_ldiv0
                0x00000000000027a0                __aeabi_idiv0

.glue_7         0x00000000000027a4        0x0
 .glue_7        0x00000000000027a4        0x0 linker stubs

.glue_7t        0x00000000000027a4        0x0
 .glue_7t       0x00000000000027a4        0x0 linker stubs

.vfp11_veneer   0x00000000000027a4        0x0
 .vfp11_veneer  0x00000000000027a4        0x0 linker stubs

.v4_bx          0x00000000000027a4        0x0
 .v4_bx         0x00000000000027a4        0x0 linker stubs

.iplt           0x00000000000027a4        0x0
 .iplt          0x00000000000027a4        0x0 build/Entry.os

.rel.dyn        0x00000000000027a4        0x0
 .rel.iplt      0x00000000000027a4        0x0 build/Entry.os

.data           0x00000000000027a4       0x14
 *(.data)
 .data          0x00000000000027a4        0x0 build/Entry.os
 .data          0x00000000000027a4        0x0 build/Handler.o
 .data          0x00000000000027a4        0x0 build/main.o
 .data          0x00000000000027a4        0x0 build/Interrupt.o
 .data          0x00000000000027a4       0x14 build/Regs.o
                0x00000000000027a4                Uart
                0x00000000000027a8                GicCpu
                0x00000000000027ac                GicDist
                0x00000000000027b0                Timer
                0x00000000000027b4                Timer2
 .data          0x00000000000027b8        0x0 build/Timer.o
 .data          0x00000000000027b8        0x0 build/Uart.o
 .data          0x00000000000027b8        0x0 build/armcpu.o
 .data          0x00000000000027b8        0x0 build/stdio.o
 .data          0x00000000000027b8        0x0 build/stdlib.o
 .data          0x00000000000027b8        0x0 build/event.o
 .data          0x00000000000027b8        0x0 build/Kernel.o
 .data          0x00000000000027b8        0x0 build/msg.o
 .data          0x00000000000027b8        0x0 build/synch.o
 .data          0x00000000000027b8        0x0 build/task.o
 .data          0x00000000000027b8        0x0 /usr/lib/gcc/arm-none-eabi/10.3.1/libgcc.a(_udivsi3.o)
 .data          0x00000000000027b8        0x0 /usr/lib/gcc/arm-none-eabi/10.3.1/libgcc.a(_dvmd_tls.o)

.igot.plt       0x00000000000027b8        0x0
 .igot.plt      0x00000000000027b8        0x0 build/Entry.os

.bss            0x00000000000027b8     0x1140
 *(.bss)
 .bss           0x00000000000027b8        0x0 build/Entry.os
 .bss           0x00000000000027b8        0x0 build/Handler.o
 .bss           0x00000000000027b8        0x4 build/main.o
 .bss           0x00000000000027bc      0x3fc build/Interrupt.o
 .bss           0x0000000000002bb8        0x0 build/Regs.o
 .bss           0x0000000000002bb8        0x4 build/Timer.o
 .bss           0x0000000000002bbc        0x0 build/Uart.o
 .bss           0x0000000000002bbc        0x0 build/armcpu.o
 .bss           0x0000000000002bbc      0x400 build/stdio.o
 .bss           0x0000000000002fbc        0x0 build/stdlib.o
 .bss           0x0000000000002fbc        0x4 build/event.o
 .bss           0x0000000000002fc0        0x0 build/Kernel.o
 .bss           0x0000000000002fc0      0x618 build/msg.o
 .bss           0x00000000000035d8       0x10 build/synch.o
 .bss           0x00000000000035e8      0x310 build/task.o
 .bss           0x00000000000038f8        0x0 /usr/lib/gcc/arm-none-eabi/10.3.1/libgcc.a(_udivsi3.o)
 .bss           0x00000000000038f8        0x0 /usr/lib/gcc/arm-none-eabi/10.3.1/libgcc.a(_dvmd_tls.o)
OUTPUT(build/navilos.axf elf32-littlearm)
LOAD linker stubs

.ARM.attributes
                0x0000000000000000       0x2b
 .ARM.attributes
                0x0000000000000000       0x1d build/Entry.os
 .ARM.attributes
                0x000000000000001d       0x2f build/Handler.o
 .ARM.attributes
                0x000000000000004c       0x2f build/main.o
 .ARM.attributes
                0x000000000000007b       0x2f build/Interrupt.o
 .ARM.attributes
                0x00000000000000aa       0x2f build/Regs.o
 .ARM.attributes
                0x00000000000000d9       0x2f build/Timer.o
 .ARM.attributes
                0x0000000000000108       0x2f build/Uart.o
 .ARM.attributes
                0x0000000000000137       0x2f build/armcpu.o
 .ARM.attributes
                0x0000000000000166       0x2f build/stdio.o
 .ARM.attributes
                0x0000000000000195       0x2f build/stdlib.o
 .ARM.attributes
                0x00000000000001c4       0x2f build/event.o
 .ARM.attributes
                0x00000000000001f3       0x2f build/Kernel.o
 .ARM.attributes
                0x0000000000000222       0x2f build/msg.o
 .ARM.attributes
                0x0000000000000251       0x2f build/synch.o
 .ARM.attributes
                0x0000000000000280       0x2f build/task.o
 .ARM.attributes
                0x00000000000002af       0x1c /usr/lib/gcc/arm-none-eabi/10.3.1/libgcc.a(_udivsi3.o)
 .ARM.attributes
                0x00000000000002cb       0x1c /usr/lib/gcc/arm-none-eabi/10.3.1/libgcc.a(_dvmd_tls.o)

.comment        0x0000000000000000       0x33
 .comment       0x0000000000000000       0x33 build/Handler.o
                                         0x34 (size before relaxing)
 .comment       0x0000000000000033       0x34 build/main.o
 .comment       0x0000000000000033       0x34 build/Interrupt.o
 .comment       0x0000000000000033       0x34 build/Regs.o
 .comment       0x0000000000000033       0x34 build/Timer.o
 .comment       0x0000000000000033       0x34 build/Uart.o
 .comment       0x0000000000000033       0x34 build/armcpu.o
 .comment       0x0000000000000033       0x34 build/stdio.o
 .comment       0x0000000000000033       0x34 build/stdlib.o
 .comment       0x0000000000000033       0x34 build/event.o
 .comment       0x0000000000000033       0x34 build/Kernel.o
 .comment       0x0000000000000033       0x34 build/msg.o
 .comment       0x0000000000000033       0x34 build/synch.o
 .comment       0x0000000000000033       0x34 build/task.o

.debug_line     0x0000000000000000      0xf78
 .debug_line    0x0000000000000000       0x6d build/Entry.os
 .debug_line    0x000000000000006d       0x4c build/Handler.o
 .debug_line    0x00000000000000b9      0x1ae build/main.o
 .debug_line    0x0000000000000267      0x126 build/Interrupt.o
 .debug_line    0x000000000000038d       0x68 build/Regs.o
 .debug_line    0x00000000000003f5      0x180 build/Timer.o
 .debug_line    0x0000000000000575      0x121 build/Uart.o
 .debug_line    0x0000000000000696       0x6d build/armcpu.o
 .debug_line    0x0000000000000703      0x181 build/stdio.o
 .debug_line    0x0000000000000884       0x80 build/stdlib.o
 .debug_line    0x0000000000000904       0xf2 build/event.o
 .debug_line    0x00000000000009f6      0x12f build/Kernel.o
 .debug_line    0x0000000000000b25      0x13c build/msg.o
 .debug_line    0x0000000000000c61       0xf1 build/synch.o
 .debug_line    0x0000000000000d52      0x15b build/task.o
 .debug_line    0x0000000000000ead       0x74 /usr/lib/gcc/arm-none-eabi/10.3.1/libgcc.a(_udivsi3.o)
 .debug_line    0x0000000000000f21       0x57 /usr/lib/gcc/arm-none-eabi/10.3.1/libgcc.a(_dvmd_tls.o)

.debug_info     0x0000000000000000     0x3fd2
 .debug_info    0x0000000000000000       0x26 build/Entry.os
 .debug_info    0x0000000000000026       0x82 build/Handler.o
 .debug_info    0x00000000000000a8      0x491 build/main.o
 .debug_info    0x0000000000000539      0x691 build/Interrupt.o
 .debug_info    0x0000000000000bca     0x125f build/Regs.o
 .debug_info    0x0000000000001e29      0x43c build/Timer.o
 .debug_info    0x0000000000002265      0xd19 build/Uart.o
 .debug_info    0x0000000000002f7e       0x6e build/armcpu.o
 .debug_info    0x0000000000002fec      0x2bc build/stdio.o
 .debug_info    0x00000000000032a8       0xf0 build/stdlib.o
 .debug_info    0x0000000000003398      0x2d8 build/event.o
 .debug_info    0x0000000000003670      0x250 build/Kernel.o
 .debug_info    0x00000000000038c0      0x267 build/msg.o
 .debug_info    0x0000000000003b27      0x197 build/synch.o
 .debug_info    0x0000000000003cbe      0x2c8 build/task.o
 .debug_info    0x0000000000003f86       0x26 /usr/lib/gcc/arm-none-eabi/10.3.1/libgcc.a(_udivsi3.o)
 .debug_info    0x0000000000003fac       0x26 /usr/lib/gcc/arm-none-eabi/10.3.1/libgcc.a(_dvmd_tls.o)

.debug_abbrev   0x0000000000000000     0x10a4
 .debug_abbrev  0x0000000000000000       0x14 build/Entry.os
 .debug_abbrev  0x0000000000000014       0x5e build/Handler.o
 .debug_abbrev  0x0000000000000072      0x166 build/main.o
 .debug_abbrev  0x00000000000001d8      0x19c build/Interrupt.o
 .debug_abbrev  0x0000000000000374      0x11a build/Regs.o
 .debug_abbrev  0x000000000000048e      0x1c1 build/Timer.o
 .debug_abbrev  0x000000000000064f      0x1e3 build/Uart.o
 .debug_abbrev  0x0000000000000832       0x2e build/armcpu.o
 .debug_abbrev  0x0000000000000860      0x131 build/stdio.o
 .debug_abbrev  0x0000000000000991       0xc3 build/stdlib.o
 .debug_abbrev  0x0000000000000a54      0x115 build/event.o
 .debug_abbrev  0x0000000000000b69      0x130 build/Kernel.o
 .debug_abbrev  0x0000000000000c99      0x12f build/msg.o
 .debug_abbrev  0x0000000000000dc8       0xfc build/synch.o
 .debug_abbrev  0x0000000000000ec4      0x1b8 build/task.o
 .debug_abbrev  0x000000000000107c       0x14 /usr/lib/gcc/arm-none-eabi/10.3.1/libgcc.a(_udivsi3.o)
 .debug_abbrev  0x0000000000001090       0x14 /usr/lib/gcc/arm-none-eabi/10.3.1/libgcc.a(_dvmd_tls.o)

.debug_aranges  0x0000000000000000      0x218
 .debug_aranges
                0x0000000000000000       0x20 build/Entry.os
 .debug_aranges
                0x0000000000000020       0x20 build/Handler.o
 .debug_aranges
                0x0000000000000040       0x20 build/main.o
 .debug_aranges
                0x0000000000000060       0x20 build/Interrupt.o
 .debug_aranges
                0x0000000000000080       0x18 build/Regs.o
 .debug_aranges
                0x0000000000000098       0x20 build/Timer.o
 .debug_aranges
                0x00000000000000b8       0x20 build/Uart.o
 .debug_aranges
                0x00000000000000d8       0x20 build/armcpu.o
 .debug_aranges
                0x00000000000000f8       0x20 build/stdio.o
 .debug_aranges
                0x0000000000000118       0x20 build/stdlib.o
 .debug_aranges
                0x0000000000000138       0x20 build/event.o
 .debug_aranges
                0x0000000000000158       0x20 build/Kernel.o
 .debug_aranges
                0x0000000000000178       0x20 build/msg.o
 .debug_aranges
                0x0000000000000198       0x20 build/synch.o
 .debug_aranges
                0x00000000000001b8       0x20 build/task.o
 .debug_aranges
                0x00000000000001d8       0x20 /usr/lib/gcc/arm-none-eabi/10.3.1/libgcc.a(_udivsi3.o)
 .debug_aranges
                0x00000000000001f8       0x20 /usr/lib/gcc/arm-none-eabi/10.3.1/libgcc.a(_dvmd_tls.o)

.debug_str      0x0000000000000000     0x1301
 .debug_str     0x0000000000000000       0x3e build/Entry.os
 .debug_str     0x000000000000003e       0xdb build/Handler.o
                                        0x119 (size before relaxing)
 .debug_str     0x0000000000000119      0x4e6 build/main.o
                                        0x5e5 (size before relaxing)
 .debug_str     0x00000000000005ff      0x2b3 build/Interrupt.o
                                        0x3bd (size before relaxing)
 .debug_str     0x00000000000008b2      0x3bb build/Regs.o
                                        0x6b5 (size before relaxing)
 .debug_str     0x0000000000000c6d       0xb1 build/Timer.o
                                        0x629 (size before relaxing)
 .debug_str     0x0000000000000d1e       0x73 build/Uart.o
                                        0x82a (size before relaxing)
 .debug_str     0x0000000000000d91       0x3b build/armcpu.o
                                         0xc4 (size before relaxing)
 .debug_str     0x0000000000000dcc       0x7c build/stdio.o
                                        0x191 (size before relaxing)
 .debug_str     0x0000000000000e48       0x1f build/stdlib.o
                                        0x128 (size before relaxing)
 .debug_str     0x0000000000000e67       0xd5 build/event.o
                                        0x553 (size before relaxing)
 .debug_str     0x0000000000000f3c       0xb9 build/Kernel.o
                                        0x23c (size before relaxing)
 .debug_str     0x0000000000000ff5       0xa5 build/msg.o
                                        0x211 (size before relaxing)
 .debug_str     0x000000000000109a       0x80 build/synch.o
                                        0x1b0 (size before relaxing)
 .debug_str     0x000000000000111a      0x15a build/task.o
                                        0x285 (size before relaxing)
 .debug_str     0x0000000000001274       0x8d /usr/lib/gcc/arm-none-eabi/10.3.1/libgcc.a(_udivsi3.o)
 .debug_str     0x0000000000001301       0x8d /usr/lib/gcc/arm-none-eabi/10.3.1/libgcc.a(_dvmd_tls.o)

.debug_frame    0x0000000000000000      0x980
 .debug_frame   0x0000000000000000       0x50 build/Handler.o
 .debug_frame   0x0000000000000050      0x11c build/main.o
 .debug_frame   0x000000000000016c       0xb0 build/Interrupt.o
 .debug_frame   0x000000000000021c       0xc8 build/Timer.o
 .debug_frame   0x00000000000002e4       0x8c build/Uart.o
 .debug_frame   0x0000000000000370       0x90 build/armcpu.o
 .debug_frame   0x0000000000000400       0xac build/stdio.o
 .debug_frame   0x00000000000004ac       0x50 build/stdlib.o
 .debug_frame   0x00000000000004fc       0xd0 build/event.o
 .debug_frame   0x00000000000005cc      0x100 build/Kernel.o
 .debug_frame   0x00000000000006cc       0xd0 build/msg.o
 .debug_frame   0x000000000000079c       0xd0 build/synch.o
 .debug_frame   0x000000000000086c       0xf4 build/task.o
 .debug_frame   0x0000000000000960       0x20 /usr/lib/gcc/arm-none-eabi/10.3.1/libgcc.a(_udivsi3.o)

.debug_ranges   0x0000000000000000       0x18
 .debug_ranges  0x0000000000000000       0x18 build/Kernel.o
