Archive member included to satisfy reference by file (symbol)

/usr/lib/gcc/arm-none-eabi/10.3.1/libgcc.a(_udivsi3.o)
                              build/stdio.o (__aeabi_uidiv)
/usr/lib/gcc/arm-none-eabi/10.3.1/libgcc.a(_dvmd_tls.o)
                              /usr/lib/gcc/arm-none-eabi/10.3.1/libgcc.a(_udivsi3.o) (__aeabi_idiv0)

Memory Configuration

Name             Origin             Length             Attributes
*default*        0x0000000000000000 0xffffffffffffffff

Linker script and memory map

LOAD build/Entry.os
LOAD build/Handler.o
LOAD build/main.o
LOAD build/Interrupt.o
LOAD build/Regs.o
LOAD build/Timer.o
LOAD build/Uart.o
LOAD build/armcpu.o
LOAD build/stdio.o
LOAD build/stdlib.o
LOAD build/event.o
LOAD build/Kernel.o
LOAD build/msg.o
LOAD build/task.o
LOAD /usr/lib/gcc/arm-none-eabi/10.3.1/libgcc.a
                0x0000000000000000                . = 0x0

.text           0x0000000000000000     0x204c
 *(vector_start)
 *(.text .rodata)
 .text          0x0000000000000000       0xd4 build/Entry.os
                0x0000000000000000                vector_start
                0x000000000000003c                vector_end
 .text          0x00000000000000d4       0x24 build/Handler.o
                0x00000000000000d4                Irq_Handler
                0x00000000000000f0                Fiq_Handler
 .text          0x00000000000000f8      0x46c build/main.o
                0x00000000000000f8                main
                0x0000000000000338                User_task0
                0x000000000000045c                User_task1
                0x0000000000000528                User_task2
 .rodata        0x0000000000000564      0x19c build/main.o
 .text          0x0000000000000700      0x2f8 build/Interrupt.o
                0x0000000000000700                Hal_interrupt_init
                0x000000000000079c                Hal_interrupt_enable
                0x0000000000000868                Hal_interrupt_disable
                0x000000000000093c                Hal_interrupt_register_handler
                0x0000000000000974                Hal_interrupt_run_handler
 .text          0x00000000000009f8        0x0 build/Regs.o
 .text          0x00000000000009f8      0x210 build/Timer.o
                0x00000000000009f8                Hal_timer_init
                0x0000000000000be4                Hal_timer_get_1ms_counter
 .text          0x0000000000000c08      0x1d0 build/Uart.o
                0x0000000000000c54                Hal_uart_init
                0x0000000000000cf4                Hal_uart_put_char
                0x0000000000000d50                Hal_uart_get_char
 .text          0x0000000000000dd8       0xb0 build/armcpu.o
                0x0000000000000dd8                enable_irq
                0x0000000000000e04                enable_fiq
                0x0000000000000e30                disable_irq
                0x0000000000000e5c                disable_fiq
 .text          0x0000000000000e88      0x454 build/stdio.o
                0x0000000000000e88                putstr
                0x0000000000000ee8                debug_printf
                0x0000000000000f38                vsprintf
                0x00000000000011b8                utoa
 .rodata        0x00000000000012dc        0x7 build/stdio.o
 *fill*         0x00000000000012e3        0x1 
 .text          0x00000000000012e4       0xa8 build/stdlib.o
                0x00000000000012e4                delay
                0x0000000000001330                memclr
 .text          0x000000000000138c      0x21c build/event.o
                0x000000000000138c                Kernel_event_flag_init
                0x00000000000013b4                Kernel_event_flag_set
                0x00000000000013f4                Kernel_event_flag_clear
                0x0000000000001438                Kernel_event_flag_check
                0x0000000000001484                Kernel_send_events
                0x000000000000150c                Kernel_wait_events
 .text          0x00000000000015a8      0x180 build/Kernel.o
                0x00000000000015a8                Kernel_yield
                0x00000000000015bc                Kernel_start
                0x00000000000015d0                Kernel_send_msg
                0x0000000000001694                Kernel_recv_msg
 .text          0x0000000000001728      0x4ac build/msg.o
                0x0000000000001728                Kernel_msgQ_init
                0x00000000000017d4                Kernel_msgQ_is_empty
                0x000000000000185c                Kernel_msgQ_is_full
                0x00000000000018ec                Kernel_msgQ_enqueue
                0x0000000000001a24                Kernel_msgQ_dequeue
                0x0000000000001b70                Kernel_msgQ_count
 .text          0x0000000000001bd4      0x360 build/task.o
                0x0000000000001bd4                Kernel_task_init
                0x0000000000001d20                Kernel_task_start
                0x0000000000001d60                Kernel_task_create
                0x0000000000001e8c                Kernel_task_scheduler
                0x0000000000001ee0                Kernel_task_context_switching
 .text          0x0000000000001f34      0x114 /usr/lib/gcc/arm-none-eabi/10.3.1/libgcc.a(_udivsi3.o)
                0x0000000000001f34                __udivsi3
                0x0000000000001f34                __aeabi_uidiv
                0x0000000000002028                __aeabi_uidivmod
 .text          0x0000000000002048        0x4 /usr/lib/gcc/arm-none-eabi/10.3.1/libgcc.a(_dvmd_tls.o)
                0x0000000000002048                __aeabi_ldiv0
                0x0000000000002048                __aeabi_idiv0

.glue_7         0x000000000000204c        0x0
 .glue_7        0x000000000000204c        0x0 linker stubs

.glue_7t        0x000000000000204c        0x0
 .glue_7t       0x000000000000204c        0x0 linker stubs

.vfp11_veneer   0x000000000000204c        0x0
 .vfp11_veneer  0x000000000000204c        0x0 linker stubs

.v4_bx          0x000000000000204c        0x0
 .v4_bx         0x000000000000204c        0x0 linker stubs

.iplt           0x000000000000204c        0x0
 .iplt          0x000000000000204c        0x0 build/Entry.os

.rel.dyn        0x000000000000204c        0x0
 .rel.iplt      0x000000000000204c        0x0 build/Entry.os

.data           0x000000000000204c       0x10
 *(.data)
 .data          0x000000000000204c        0x0 build/Entry.os
 .data          0x000000000000204c        0x0 build/Handler.o
 .data          0x000000000000204c        0x0 build/main.o
 .data          0x000000000000204c        0x0 build/Interrupt.o
 .data          0x000000000000204c       0x10 build/Regs.o
                0x000000000000204c                Uart
                0x0000000000002050                GicCpu
                0x0000000000002054                GicDist
                0x0000000000002058                Timer
 .data          0x000000000000205c        0x0 build/Timer.o
 .data          0x000000000000205c        0x0 build/Uart.o
 .data          0x000000000000205c        0x0 build/armcpu.o
 .data          0x000000000000205c        0x0 build/stdio.o
 .data          0x000000000000205c        0x0 build/stdlib.o
 .data          0x000000000000205c        0x0 build/event.o
 .data          0x000000000000205c        0x0 build/Kernel.o
 .data          0x000000000000205c        0x0 build/msg.o
 .data          0x000000000000205c        0x0 build/task.o
 .data          0x000000000000205c        0x0 /usr/lib/gcc/arm-none-eabi/10.3.1/libgcc.a(_udivsi3.o)
 .data          0x000000000000205c        0x0 /usr/lib/gcc/arm-none-eabi/10.3.1/libgcc.a(_dvmd_tls.o)

.igot.plt       0x000000000000205c        0x0
 .igot.plt      0x000000000000205c        0x0 build/Entry.os

.bss            0x000000000000205c     0x112c
 *(.bss)
 .bss           0x000000000000205c        0x0 build/Entry.os
 .bss           0x000000000000205c        0x0 build/Handler.o
 .bss           0x000000000000205c        0x0 build/main.o
 .bss           0x000000000000205c      0x3fc build/Interrupt.o
 .bss           0x0000000000002458        0x0 build/Regs.o
 .bss           0x0000000000002458        0x4 build/Timer.o
 .bss           0x000000000000245c        0x0 build/Uart.o
 .bss           0x000000000000245c        0x0 build/armcpu.o
 .bss           0x000000000000245c      0x400 build/stdio.o
 .bss           0x000000000000285c        0x0 build/stdlib.o
 .bss           0x000000000000285c        0x4 build/event.o
 .bss           0x0000000000002860        0x0 build/Kernel.o
 .bss           0x0000000000002860      0x618 build/msg.o
 .bss           0x0000000000002e78      0x310 build/task.o
 .bss           0x0000000000003188        0x0 /usr/lib/gcc/arm-none-eabi/10.3.1/libgcc.a(_udivsi3.o)
 .bss           0x0000000000003188        0x0 /usr/lib/gcc/arm-none-eabi/10.3.1/libgcc.a(_dvmd_tls.o)
OUTPUT(build/navilos.axf elf32-littlearm)
LOAD linker stubs

.ARM.attributes
                0x0000000000000000       0x2b
 .ARM.attributes
                0x0000000000000000       0x1d build/Entry.os
 .ARM.attributes
                0x000000000000001d       0x2f build/Handler.o
 .ARM.attributes
                0x000000000000004c       0x2f build/main.o
 .ARM.attributes
                0x000000000000007b       0x2f build/Interrupt.o
 .ARM.attributes
                0x00000000000000aa       0x2f build/Regs.o
 .ARM.attributes
                0x00000000000000d9       0x2f build/Timer.o
 .ARM.attributes
                0x0000000000000108       0x2f build/Uart.o
 .ARM.attributes
                0x0000000000000137       0x2f build/armcpu.o
 .ARM.attributes
                0x0000000000000166       0x2f build/stdio.o
 .ARM.attributes
                0x0000000000000195       0x2f build/stdlib.o
 .ARM.attributes
                0x00000000000001c4       0x2f build/event.o
 .ARM.attributes
                0x00000000000001f3       0x2f build/Kernel.o
 .ARM.attributes
                0x0000000000000222       0x2f build/msg.o
 .ARM.attributes
                0x0000000000000251       0x2f build/task.o
 .ARM.attributes
                0x0000000000000280       0x1c /usr/lib/gcc/arm-none-eabi/10.3.1/libgcc.a(_udivsi3.o)
 .ARM.attributes
                0x000000000000029c       0x1c /usr/lib/gcc/arm-none-eabi/10.3.1/libgcc.a(_dvmd_tls.o)

.comment        0x0000000000000000       0x33
 .comment       0x0000000000000000       0x33 build/Handler.o
                                         0x34 (size before relaxing)
 .comment       0x0000000000000033       0x34 build/main.o
 .comment       0x0000000000000033       0x34 build/Interrupt.o
 .comment       0x0000000000000033       0x34 build/Regs.o
 .comment       0x0000000000000033       0x34 build/Timer.o
 .comment       0x0000000000000033       0x34 build/Uart.o
 .comment       0x0000000000000033       0x34 build/armcpu.o
 .comment       0x0000000000000033       0x34 build/stdio.o
 .comment       0x0000000000000033       0x34 build/stdlib.o
 .comment       0x0000000000000033       0x34 build/event.o
 .comment       0x0000000000000033       0x34 build/Kernel.o
 .comment       0x0000000000000033       0x34 build/msg.o
 .comment       0x0000000000000033       0x34 build/task.o

.debug_line     0x0000000000000000      0xd48
 .debug_line    0x0000000000000000       0x6d build/Entry.os
 .debug_line    0x000000000000006d       0x4c build/Handler.o
 .debug_line    0x00000000000000b9      0x17a build/main.o
 .debug_line    0x0000000000000233      0x126 build/Interrupt.o
 .debug_line    0x0000000000000359       0x68 build/Regs.o
 .debug_line    0x00000000000003c1       0xe0 build/Timer.o
 .debug_line    0x00000000000004a1      0x10d build/Uart.o
 .debug_line    0x00000000000005ae       0x6d build/armcpu.o
 .debug_line    0x000000000000061b      0x181 build/stdio.o
 .debug_line    0x000000000000079c       0x80 build/stdlib.o
 .debug_line    0x000000000000081c       0xf2 build/event.o
 .debug_line    0x000000000000090e       0xe1 build/Kernel.o
 .debug_line    0x00000000000009ef      0x13c build/msg.o
 .debug_line    0x0000000000000b2b      0x152 build/task.o
 .debug_line    0x0000000000000c7d       0x74 /usr/lib/gcc/arm-none-eabi/10.3.1/libgcc.a(_udivsi3.o)
 .debug_line    0x0000000000000cf1       0x57 /usr/lib/gcc/arm-none-eabi/10.3.1/libgcc.a(_dvmd_tls.o)

.debug_info     0x0000000000000000     0x3b71
 .debug_info    0x0000000000000000       0x26 build/Entry.os
 .debug_info    0x0000000000000026       0x82 build/Handler.o
 .debug_info    0x00000000000000a8      0x3e2 build/main.o
 .debug_info    0x000000000000048a      0x691 build/Interrupt.o
 .debug_info    0x0000000000000b1b     0x124d build/Regs.o
 .debug_info    0x0000000000001d68      0x2c6 build/Timer.o
 .debug_info    0x000000000000202e      0xd12 build/Uart.o
 .debug_info    0x0000000000002d40       0x6e build/armcpu.o
 .debug_info    0x0000000000002dae      0x2bc build/stdio.o
 .debug_info    0x000000000000306a       0xf0 build/stdlib.o
 .debug_info    0x000000000000315a      0x2d8 build/event.o
 .debug_info    0x0000000000003432      0x1da build/Kernel.o
 .debug_info    0x000000000000360c      0x267 build/msg.o
 .debug_info    0x0000000000003873      0x2b2 build/task.o
 .debug_info    0x0000000000003b25       0x26 /usr/lib/gcc/arm-none-eabi/10.3.1/libgcc.a(_udivsi3.o)
 .debug_info    0x0000000000003b4b       0x26 /usr/lib/gcc/arm-none-eabi/10.3.1/libgcc.a(_dvmd_tls.o)

.debug_abbrev   0x0000000000000000      0xe94
 .debug_abbrev  0x0000000000000000       0x14 build/Entry.os
 .debug_abbrev  0x0000000000000014       0x5e build/Handler.o
 .debug_abbrev  0x0000000000000072      0x12f build/main.o
 .debug_abbrev  0x00000000000001a1      0x19c build/Interrupt.o
 .debug_abbrev  0x000000000000033d      0x11a build/Regs.o
 .debug_abbrev  0x0000000000000457      0x132 build/Timer.o
 .debug_abbrev  0x0000000000000589      0x1e3 build/Uart.o
 .debug_abbrev  0x000000000000076c       0x2e build/armcpu.o
 .debug_abbrev  0x000000000000079a      0x131 build/stdio.o
 .debug_abbrev  0x00000000000008cb       0xc3 build/stdlib.o
 .debug_abbrev  0x000000000000098e      0x115 build/event.o
 .debug_abbrev  0x0000000000000aa3       0xfe build/Kernel.o
 .debug_abbrev  0x0000000000000ba1      0x12f build/msg.o
 .debug_abbrev  0x0000000000000cd0      0x19c build/task.o
 .debug_abbrev  0x0000000000000e6c       0x14 /usr/lib/gcc/arm-none-eabi/10.3.1/libgcc.a(_udivsi3.o)
 .debug_abbrev  0x0000000000000e80       0x14 /usr/lib/gcc/arm-none-eabi/10.3.1/libgcc.a(_dvmd_tls.o)

.debug_aranges  0x0000000000000000      0x1f8
 .debug_aranges
                0x0000000000000000       0x20 build/Entry.os
 .debug_aranges
                0x0000000000000020       0x20 build/Handler.o
 .debug_aranges
                0x0000000000000040       0x20 build/main.o
 .debug_aranges
                0x0000000000000060       0x20 build/Interrupt.o
 .debug_aranges
                0x0000000000000080       0x18 build/Regs.o
 .debug_aranges
                0x0000000000000098       0x20 build/Timer.o
 .debug_aranges
                0x00000000000000b8       0x20 build/Uart.o
 .debug_aranges
                0x00000000000000d8       0x20 build/armcpu.o
 .debug_aranges
                0x00000000000000f8       0x20 build/stdio.o
 .debug_aranges
                0x0000000000000118       0x20 build/stdlib.o
 .debug_aranges
                0x0000000000000138       0x20 build/event.o
 .debug_aranges
                0x0000000000000158       0x20 build/Kernel.o
 .debug_aranges
                0x0000000000000178       0x20 build/msg.o
 .debug_aranges
                0x0000000000000198       0x20 build/task.o
 .debug_aranges
                0x00000000000001b8       0x20 /usr/lib/gcc/arm-none-eabi/10.3.1/libgcc.a(_udivsi3.o)
 .debug_aranges
                0x00000000000001d8       0x20 /usr/lib/gcc/arm-none-eabi/10.3.1/libgcc.a(_dvmd_tls.o)

.debug_str      0x0000000000000000     0x1157
 .debug_str     0x0000000000000000       0x3e build/Entry.os
 .debug_str     0x000000000000003e       0xdb build/Handler.o
                                        0x119 (size before relaxing)
 .debug_str     0x0000000000000119      0x4a4 build/main.o
                                        0x59b (size before relaxing)
 .debug_str     0x00000000000005bd      0x2b3 build/Interrupt.o
                                        0x3bd (size before relaxing)
 .debug_str     0x0000000000000870      0x3b4 build/Regs.o
                                        0x6ae (size before relaxing)
 .debug_str     0x0000000000000c24       0x6e build/Timer.o
                                        0x25f (size before relaxing)
 .debug_str     0x0000000000000c92       0x52 build/Uart.o
                                        0x828 (size before relaxing)
 .debug_str     0x0000000000000ce4       0x3b build/armcpu.o
                                         0xc4 (size before relaxing)
 .debug_str     0x0000000000000d1f       0x7c build/stdio.o
                                        0x191 (size before relaxing)
 .debug_str     0x0000000000000d9b       0x1f build/stdlib.o
                                        0x128 (size before relaxing)
 .debug_str     0x0000000000000dba       0xc0 build/event.o
                                        0x553 (size before relaxing)
 .debug_str     0x0000000000000e7a       0x71 build/Kernel.o
                                        0x1e4 (size before relaxing)
 .debug_str     0x0000000000000eeb       0xa5 build/msg.o
                                        0x211 (size before relaxing)
 .debug_str     0x0000000000000f90      0x13a build/task.o
                                        0x265 (size before relaxing)
 .debug_str     0x00000000000010ca       0x8d /usr/lib/gcc/arm-none-eabi/10.3.1/libgcc.a(_udivsi3.o)
 .debug_str     0x0000000000001157       0x8d /usr/lib/gcc/arm-none-eabi/10.3.1/libgcc.a(_dvmd_tls.o)

.debug_frame    0x0000000000000000      0x7a0
 .debug_frame   0x0000000000000000       0x50 build/Handler.o
 .debug_frame   0x0000000000000050       0xfc build/main.o
 .debug_frame   0x000000000000014c       0xb0 build/Interrupt.o
 .debug_frame   0x00000000000001fc       0x70 build/Timer.o
 .debug_frame   0x000000000000026c       0x8c build/Uart.o
 .debug_frame   0x00000000000002f8       0x90 build/armcpu.o
 .debug_frame   0x0000000000000388       0xac build/stdio.o
 .debug_frame   0x0000000000000434       0x50 build/stdlib.o
 .debug_frame   0x0000000000000484       0xd0 build/event.o
 .debug_frame   0x0000000000000554       0x88 build/Kernel.o
 .debug_frame   0x00000000000005dc       0xd0 build/msg.o
 .debug_frame   0x00000000000006ac       0xd4 build/task.o
 .debug_frame   0x0000000000000780       0x20 /usr/lib/gcc/arm-none-eabi/10.3.1/libgcc.a(_udivsi3.o)
